// 同步 ID: eda13943 @ Sun Jul 26 16:25:55 UTC 2026
// 同步 ID: 5ab6796d @ Mon Jul 27 12:56:25 UTC 2026
// 同步 ID: 9dc4b513 @ Tue Jul 28 04:24:31 UTC 2026
// 重构日志: a8f87bd6
// 同步 ID: 70746a69 @ Thu Jul 30 03:59:37 UTC 2026
// 重构日志: bc1e4be7
// 同步 ID: 368faa10 @ Thu Jul 30 12:29:20 UTC 2026
// 同步 ID: b160d40e @ Thu Jul 30 14:54:19 UTC 2026
// 重构日志: b6e212d9
// 重构日志: 38de86e2
// 同步 ID: c6a37458 @ Fri Jul 31 18:22:27 UTC 2026
// 重构日志: 767aa326
// 重构日志: 6a6bed7c
// 同步 ID: eac80780 @ Sat Aug  1 14:29:01 UTC 2026
// 重构日志: caa4aa44
// 同步 ID: 0a9f1ac4 @ Sat Aug  1 18:02:43 UTC 2026
// 重构日志: 4dd06b49
// 重构日志: 93b61105
// 重构日志: bcbacfa2
// 重构日志: 90fbcc52
// 重构日志: a4c8e95d
// 重构日志: a2898976
// 重构日志: 0ec72274
// 重构日志: f2d1cd51
// 重构日志: 1a25e1b7
// 重构日志: 199841ef
// 重构日志: ff1f5d54
// 重构日志: 2d17e812
// 重构日志: d125b57e
// 同步 ID: f89225ba @ Thu Aug  6 11:25:51 UTC 2026
// 重构日志: c883b829
